[0.015s] Invoking command in '/home/hkn/mpu9250_ws/src/build/mpu9250_publisher': /usr/bin/cmake /home/hkn/mpu9250_ws/src/mpu9250_publisher -DCMAKE_INSTALL_PREFIX=/home/hkn/mpu9250_ws/src/install/mpu9250_publisher
[0.203s] -- The C compiler identification is GNU 11.4.0
[0.355s] -- The CXX compiler identification is GNU 11.4.0
[0.372s] -- Detecting C compiler ABI info
[0.467s] -- Detecting C compiler ABI info - done
[0.476s] -- Check for working C compiler: /usr/bin/cc - skipped
[0.476s] -- Detecting C compile features
[0.477s] -- Detecting C compile features - done
[0.482s] -- Detecting CXX compiler ABI info
[0.578s] -- Detecting CXX compiler ABI info - done
[0.588s] -- Check for working CXX compiler: /usr/bin/c++ - skipped
[0.588s] -- Detecting CXX compile features
[0.589s] -- Detecting CXX compile features - done
[0.603s] -- Found ament_cmake: 1.3.10 (/opt/ros/humble/share/ament_cmake/cmake)
[0.803s] -- Found Python3: /usr/bin/python3 (found version "3.10.12") found components: Interpreter 
[0.953s] -- Found rclcpp: 16.0.10 (/opt/ros/humble/share/rclcpp/cmake)
[1.034s] -- Found rosidl_generator_c: 3.1.5 (/opt/ros/humble/share/rosidl_generator_c/cmake)
[1.044s] -- Found rosidl_adapter: 3.1.5 (/opt/ros/humble/share/rosidl_adapter/cmake)
[1.058s] -- Found rosidl_generator_cpp: 3.1.5 (/opt/ros/humble/share/rosidl_generator_cpp/cmake)
[1.079s] -- Using all available rosidl_typesupport_c: rosidl_typesupport_fastrtps_c;rosidl_typesupport_introspection_c
[1.104s] -- Using all available rosidl_typesupport_cpp: rosidl_typesupport_fastrtps_cpp;rosidl_typesupport_introspection_cpp
[1.179s] -- Found rmw_implementation_cmake: 6.1.2 (/opt/ros/humble/share/rmw_implementation_cmake/cmake)
[1.183s] -- Found rmw_fastrtps_cpp: 6.2.7 (/opt/ros/humble/share/rmw_fastrtps_cpp/cmake)
[1.293s] -- Found OpenSSL: /usr/lib/x86_64-linux-gnu/libcrypto.so (found version "3.0.2")  
[1.328s] -- Found FastRTPS: /opt/ros/humble/include  
[1.379s] -- Using RMW implementation 'rmw_fastrtps_cpp' as default
[1.392s] -- Looking for pthread.h
[1.480s] -- Looking for pthread.h - found
[1.481s] -- Performing Test CMAKE_HAVE_LIBC_PTHREAD
[1.573s] -- Performing Test CMAKE_HAVE_LIBC_PTHREAD - Success
[1.574s] -- Found Threads: TRUE  
[1.681s] -- Found sensor_msgs: 4.2.4 (/opt/ros/humble/share/sensor_msgs/cmake)
[1.740s] -- Found ament_lint_auto: 0.12.11 (/opt/ros/humble/share/ament_lint_auto/cmake)
[1.803s] Error parsing '/home/hkn/mpu9250_ws/src/mpu9250_publisher/package.xml':
[1.883s] Traceback (most recent call last):
[1.883s]   File "/usr/lib/python3/dist-packages/catkin_pkg/package.py", line 610, in parse_package_string
[1.883s]     root = dom.parseString(data)
[1.883s]   File "/usr/lib/python3.10/xml/dom/minidom.py", line 2000, in parseString
[1.884s]     return expatbuilder.parseString(string)
[1.884s]   File "/usr/lib/python3.10/xml/dom/expatbuilder.py", line 925, in parseString
[1.885s]     return builder.parseString(string)
[1.885s]   File "/usr/lib/python3.10/xml/dom/expatbuilder.py", line 223, in parseString
[1.885s]     parser.Parse(string, True)
[1.885s] xml.parsers.expat.ExpatError: mismatched tag: line 21, column 2
[1.885s] 
[1.885s] During handling of the above exception, another exception occurred:
[1.885s] 
[1.885s] Traceback (most recent call last):
[1.885s]   File "/opt/ros/humble/share/ament_cmake_core/cmake/core/package_xml_2_cmake.py", line 150, in <module>
[1.885s]     main()
[1.885s]   File "/opt/ros/humble/share/ament_cmake_core/cmake/core/package_xml_2_cmake.py", line 53, in main
[1.886s]     raise e
[1.886s]   File "/opt/ros/humble/share/ament_cmake_core/cmake/core/package_xml_2_cmake.py", line 49, in main
[1.886s]     package = parse_package_string(
[1.886s]   File "/usr/lib/python3/dist-packages/catkin_pkg/package.py", line 612, in parse_package_string
[1.886s]     raise InvalidPackage('The manifest contains invalid XML:\n%s' % ex, filename)
[1.886s] catkin_pkg.package.InvalidPackage: Error(s) in package '/home/hkn/mpu9250_ws/src/mpu9250_publisher/package.xml':
[1.886s] The manifest contains invalid XML:
[1.886s] mismatched tag: line 21, column 2
[1.902s] [31mCMake Error at /opt/ros/humble/share/ament_cmake_core/cmake/core/ament_package_xml.cmake:95 (message):
[1.902s]   execute_process(/usr/bin/python3
[1.902s]   /opt/ros/humble/share/ament_cmake_core/cmake/core/package_xml_2_cmake.py
[1.903s]   /home/hkn/mpu9250_ws/src/mpu9250_publisher/package.xml
[1.903s]   /home/hkn/mpu9250_ws/src/build/mpu9250_publisher/ament_cmake_core/package.cmake)
[1.903s]   returned error code 1
[1.903s] Call Stack (most recent call first):
[1.903s]   /opt/ros/humble/share/ament_cmake_core/cmake/core/ament_package_xml.cmake:49 (_ament_package_xml)
[1.903s]   /opt/ros/humble/share/ament_lint_auto/cmake/ament_lint_auto_find_test_dependencies.cmake:31 (ament_package_xml)
[1.903s]   CMakeLists.txt:25 (ament_lint_auto_find_test_dependencies)
[1.903s] 
[1.903s] [0m
[1.903s] -- Configuring incomplete, errors occurred!
[1.903s] See also "/home/hkn/mpu9250_ws/src/build/mpu9250_publisher/CMakeFiles/CMakeOutput.log".
[1.916s] Invoked command in '/home/hkn/mpu9250_ws/src/build/mpu9250_publisher' returned '1': /usr/bin/cmake /home/hkn/mpu9250_ws/src/mpu9250_publisher -DCMAKE_INSTALL_PREFIX=/home/hkn/mpu9250_ws/src/install/mpu9250_publisher
