[0.000000] (-) TimerEvent: {}
[0.000585] (mpu9250_publisher) JobQueued: {'identifier': 'mpu9250_publisher', 'dependencies': OrderedDict()}
[0.000624] (mpu9250_publisher) JobStarted: {'identifier': 'mpu9250_publisher'}
[0.013932] (mpu9250_publisher) JobProgress: {'identifier': 'mpu9250_publisher', 'progress': 'cmake'}
[0.014225] (mpu9250_publisher) Command: {'cmd': ['/usr/bin/cmake', '/home/hkn/mpu9250_ws/src/mpu9250_publisher', '-DCMAKE_INSTALL_PREFIX=/home/hkn/mpu9250_ws/src/install/mpu9250_publisher'], 'cwd': '/home/hkn/mpu9250_ws/src/build/mpu9250_publisher', 'env': OrderedDict([('GJS_DEBUG_TOPICS', 'JS ERROR;JS LOG'), ('LESSOPEN', '| /usr/bin/lesspipe %s'), ('USER', 'hkn'), ('LC_TIME', 'tr_TR.UTF-8'), ('GIO_MODULE_DIR', '/home/hkn/snap/code/common/.cache/gio-modules'), ('XDG_SESSION_TYPE', 'wayland'), ('GIT_ASKPASS', '/snap/code/172/usr/share/code/resources/app/extensions/git/dist/askpass.sh'), ('GTK_EXE_PREFIX_VSCODE_SNAP_ORIG', ''), ('GDK_BACKEND_VSCODE_SNAP_ORIG', ''), ('SHLVL', '1'), ('LD_LIBRARY_PATH', '/opt/ros/humble/opt/rviz_ogre_vendor/lib:/opt/ros/humble/lib/x86_64-linux-gnu:/opt/ros/humble/lib'), ('HOME', '/home/hkn'), ('CHROME_DESKTOP', 'code-url-handler.desktop'), ('LOCPATH_VSCODE_SNAP_ORIG', ''), ('OLDPWD', '/home/hkn/mpu9250_ws'), ('TERM_PROGRAM_VERSION', '1.94.2'), ('DESKTOP_SESSION', 'ubuntu'), ('GTK_PATH', '/snap/code/172/usr/lib/x86_64-linux-gnu/gtk-3.0'), ('GTK_IM_MODULE_FILE', '/home/hkn/snap/code/common/.cache/immodules/immodules.cache'), ('GIO_LAUNCHED_DESKTOP_FILE', '/var/lib/snapd/desktop/applications/code_code.desktop'), ('ROS_PYTHON_VERSION', '3'), ('GNOME_SHELL_SESSION_MODE', 'ubuntu'), ('GTK_MODULES', 'gail:atk-bridge'), ('GSETTINGS_SCHEMA_DIR_VSCODE_SNAP_ORIG', ''), ('VSCODE_GIT_ASKPASS_MAIN', '/snap/code/172/usr/share/code/resources/app/extensions/git/dist/askpass-main.js'), ('LC_MONETARY', 'tr_TR.UTF-8'), ('VSCODE_GIT_ASKPASS_NODE', '/snap/code/172/usr/share/code/code'), ('MANAGERPID', '1609'), ('SYSTEMD_EXEC_PID', '1785'), ('IM_CONFIG_CHECK_ENV', '1'), ('DBUS_SESSION_BUS_ADDRESS', 'unix:path=/run/user/1000/bus'), ('COLORTERM', 'truecolor'), ('GIO_LAUNCHED_DESKTOP_FILE_PID', '4271'), ('IM_CONFIG_PHASE', '1'), ('WAYLAND_DISPLAY', 'wayland-0'), ('ROS_DISTRO', 'humble'), ('LOGNAME', 'hkn'), ('JOURNAL_STREAM', '8:14754'), ('_', '/usr/bin/colcon'), ('ROS_VERSION', '2'), ('XDG_CONFIG_DIRS_VSCODE_SNAP_ORIG', '/etc/xdg/xdg-ubuntu:/etc/xdg'), ('XDG_SESSION_CLASS', 'user'), ('XDG_DATA_DIRS_VSCODE_SNAP_ORIG', '/usr/share/ubuntu:/usr/local/share/:/usr/share/:/var/lib/snapd/desktop'), ('USERNAME', 'hkn'), ('TERM', 'xterm-256color'), ('GNOME_DESKTOP_SESSION_ID', 'this-is-deprecated'), ('ROS_LOCALHOST_ONLY', '0'), ('PATH', '/home/hkn/.local/bin:/opt/ros/humble/bin:/home/hkn/.local/bin:/usr/local/sbin:/usr/local/bin:/usr/sbin:/usr/bin:/sbin:/bin:/usr/games:/usr/local/games:/snap/bin:/snap/bin'), ('SESSION_MANAGER', 'local/hkn:@/tmp/.ICE-unix/1762,unix/hkn:/tmp/.ICE-unix/1762'), ('GTK_EXE_PREFIX', '/snap/code/172/usr'), ('INVOCATION_ID', 'f6a94af2b3c7437ebc3d30db9eebb82e'), ('XDG_MENU_PREFIX', 'gnome-'), ('LC_ADDRESS', 'tr_TR.UTF-8'), ('BAMF_DESKTOP_FILE_HINT', '/var/lib/snapd/desktop/applications/code_code.desktop'), ('GNOME_SETUP_DISPLAY', ':1'), ('XDG_RUNTIME_DIR', '/run/user/1000'), ('GDK_BACKEND', 'x11'), ('DISPLAY', ':0'), ('LOCPATH', '/snap/code/172/usr/lib/locale'), ('LANG', 'en_US.UTF-8'), ('XDG_CURRENT_DESKTOP', 'Unity'), ('LC_TELEPHONE', 'tr_TR.UTF-8'), ('GIO_MODULE_DIR_VSCODE_SNAP_ORIG', ''), ('XMODIFIERS', '@im=ibus'), ('XDG_SESSION_DESKTOP', 'ubuntu'), ('XAUTHORITY', '/run/user/1000/.mutter-Xwaylandauth.EYEZV2'), ('LS_COLORS', 'rs=0:di=01;34:ln=01;36:mh=00:pi=40;33:so=01;35:do=01;35:bd=40;33;01:cd=40;33;01:or=40;31;01:mi=00:su=37;41:sg=30;43:ca=30;41:tw=30;42:ow=34;42:st=37;44:ex=01;32:*.tar=01;31:*.tgz=01;31:*.arc=01;31:*.arj=01;31:*.taz=01;31:*.lha=01;31:*.lz4=01;31:*.lzh=01;31:*.lzma=01;31:*.tlz=01;31:*.txz=01;31:*.tzo=01;31:*.t7z=01;31:*.zip=01;31:*.z=01;31:*.dz=01;31:*.gz=01;31:*.lrz=01;31:*.lz=01;31:*.lzo=01;31:*.xz=01;31:*.zst=01;31:*.tzst=01;31:*.bz2=01;31:*.bz=01;31:*.tbz=01;31:*.tbz2=01;31:*.tz=01;31:*.deb=01;31:*.rpm=01;31:*.jar=01;31:*.war=01;31:*.ear=01;31:*.sar=01;31:*.rar=01;31:*.alz=01;31:*.ace=01;31:*.zoo=01;31:*.cpio=01;31:*.7z=01;31:*.rz=01;31:*.cab=01;31:*.wim=01;31:*.swm=01;31:*.dwm=01;31:*.esd=01;31:*.jpg=01;35:*.jpeg=01;35:*.mjpg=01;35:*.mjpeg=01;35:*.gif=01;35:*.bmp=01;35:*.pbm=01;35:*.pgm=01;35:*.ppm=01;35:*.tga=01;35:*.xbm=01;35:*.xpm=01;35:*.tif=01;35:*.tiff=01;35:*.png=01;35:*.svg=01;35:*.svgz=01;35:*.mng=01;35:*.pcx=01;35:*.mov=01;35:*.mpg=01;35:*.mpeg=01;35:*.m2v=01;35:*.mkv=01;35:*.webm=01;35:*.webp=01;35:*.ogm=01;35:*.mp4=01;35:*.m4v=01;35:*.mp4v=01;35:*.vob=01;35:*.qt=01;35:*.nuv=01;35:*.wmv=01;35:*.asf=01;35:*.rm=01;35:*.rmvb=01;35:*.flc=01;35:*.avi=01;35:*.fli=01;35:*.flv=01;35:*.gl=01;35:*.dl=01;35:*.xcf=01;35:*.xwd=01;35:*.yuv=01;35:*.cgm=01;35:*.emf=01;35:*.ogv=01;35:*.ogx=01;35:*.aac=00;36:*.au=00;36:*.flac=00;36:*.m4a=00;36:*.mid=00;36:*.midi=00;36:*.mka=00;36:*.mp3=00;36:*.mpc=00;36:*.ogg=00;36:*.ra=00;36:*.wav=00;36:*.oga=00;36:*.opus=00;36:*.spx=00;36:*.xspf=00;36:'), ('VSCODE_GIT_IPC_HANDLE', '/run/user/1000/vscode-git-96e107b5f2.sock'), ('TERM_PROGRAM', 'vscode'), ('SSH_AGENT_LAUNCHER', 'gnome-keyring'), ('SSH_AUTH_SOCK', '/run/user/1000/keyring/ssh'), ('GSETTINGS_SCHEMA_DIR', '/home/hkn/snap/code/172/.local/share/glib-2.0/schemas'), ('AMENT_PREFIX_PATH', '/opt/ros/humble'), ('ORIGINAL_XDG_CURRENT_DESKTOP', 'ubuntu:GNOME'), ('SHELL', '/bin/bash'), ('LC_NAME', 'tr_TR.UTF-8'), ('QT_ACCESSIBILITY', '1'), ('GDMSESSION', 'ubuntu'), ('LESSCLOSE', '/usr/bin/lesspipe %s %s'), ('GTK_PATH_VSCODE_SNAP_ORIG', ''), ('GTK_IM_MODULE_FILE_VSCODE_SNAP_ORIG', ''), ('LC_MEASUREMENT', 'tr_TR.UTF-8'), ('GJS_DEBUG_OUTPUT', 'stderr'), ('LC_IDENTIFICATION', 'tr_TR.UTF-8'), ('VSCODE_GIT_ASKPASS_EXTRA_ARGS', ''), ('QT_IM_MODULE', 'ibus'), ('PWD', '/home/hkn/mpu9250_ws/src/build/mpu9250_publisher'), ('LC_ALL', 'en_US.UTF-8'), ('XDG_CONFIG_DIRS', '/etc/xdg/xdg-ubuntu:/etc/xdg'), ('XDG_DATA_DIRS', '/home/hkn/snap/code/172/.local/share:/home/hkn/snap/code/172:/snap/code/172/usr/share:/usr/share/ubuntu:/usr/local/share/:/usr/share/:/var/lib/snapd/desktop'), ('PYTHONPATH', '/opt/ros/humble/lib/python3.10/site-packages:/opt/ros/humble/local/lib/python3.10/dist-packages'), ('LC_NUMERIC', 'tr_TR.UTF-8'), ('LC_PAPER', 'tr_TR.UTF-8'), ('COLCON', '1')]), 'shell': False}
[0.099578] (-) TimerEvent: {}
[0.200097] (-) TimerEvent: {}
[0.203140] (mpu9250_publisher) StdoutLine: {'line': b'-- The C compiler identification is GNU 11.4.0\n'}
[0.300225] (-) TimerEvent: {}
[0.354938] (mpu9250_publisher) StdoutLine: {'line': b'-- The CXX compiler identification is GNU 11.4.0\n'}
[0.372312] (mpu9250_publisher) StdoutLine: {'line': b'-- Detecting C compiler ABI info\n'}
[0.400335] (-) TimerEvent: {}
[0.467052] (mpu9250_publisher) StdoutLine: {'line': b'-- Detecting C compiler ABI info - done\n'}
[0.476117] (mpu9250_publisher) StdoutLine: {'line': b'-- Check for working C compiler: /usr/bin/cc - skipped\n'}
[0.476639] (mpu9250_publisher) StdoutLine: {'line': b'-- Detecting C compile features\n'}
[0.477641] (mpu9250_publisher) StdoutLine: {'line': b'-- Detecting C compile features - done\n'}
[0.482115] (mpu9250_publisher) StdoutLine: {'line': b'-- Detecting CXX compiler ABI info\n'}
[0.500465] (-) TimerEvent: {}
[0.578610] (mpu9250_publisher) StdoutLine: {'line': b'-- Detecting CXX compiler ABI info - done\n'}
[0.588339] (mpu9250_publisher) StdoutLine: {'line': b'-- Check for working CXX compiler: /usr/bin/c++ - skipped\n'}
[0.588739] (mpu9250_publisher) StdoutLine: {'line': b'-- Detecting CXX compile features\n'}
[0.589407] (mpu9250_publisher) StdoutLine: {'line': b'-- Detecting CXX compile features - done\n'}
[0.600559] (-) TimerEvent: {}
[0.603075] (mpu9250_publisher) StdoutLine: {'line': b'-- Found ament_cmake: 1.3.10 (/opt/ros/humble/share/ament_cmake/cmake)\n'}
[0.700672] (-) TimerEvent: {}
[0.800973] (-) TimerEvent: {}
[0.803848] (mpu9250_publisher) StdoutLine: {'line': b'-- Found Python3: /usr/bin/python3 (found version "3.10.12") found components: Interpreter \n'}
[0.901089] (-) TimerEvent: {}
[0.953072] (mpu9250_publisher) StdoutLine: {'line': b'-- Found rclcpp: 16.0.10 (/opt/ros/humble/share/rclcpp/cmake)\n'}
[1.001208] (-) TimerEvent: {}
[1.034772] (mpu9250_publisher) StdoutLine: {'line': b'-- Found rosidl_generator_c: 3.1.5 (/opt/ros/humble/share/rosidl_generator_c/cmake)\n'}
[1.044112] (mpu9250_publisher) StdoutLine: {'line': b'-- Found rosidl_adapter: 3.1.5 (/opt/ros/humble/share/rosidl_adapter/cmake)\n'}
[1.058245] (mpu9250_publisher) StdoutLine: {'line': b'-- Found rosidl_generator_cpp: 3.1.5 (/opt/ros/humble/share/rosidl_generator_cpp/cmake)\n'}
[1.079627] (mpu9250_publisher) StdoutLine: {'line': b'-- Using all available rosidl_typesupport_c: rosidl_typesupport_fastrtps_c;rosidl_typesupport_introspection_c\n'}
[1.101328] (-) TimerEvent: {}
[1.104687] (mpu9250_publisher) StdoutLine: {'line': b'-- Using all available rosidl_typesupport_cpp: rosidl_typesupport_fastrtps_cpp;rosidl_typesupport_introspection_cpp\n'}
[1.179492] (mpu9250_publisher) StdoutLine: {'line': b'-- Found rmw_implementation_cmake: 6.1.2 (/opt/ros/humble/share/rmw_implementation_cmake/cmake)\n'}
[1.183894] (mpu9250_publisher) StdoutLine: {'line': b'-- Found rmw_fastrtps_cpp: 6.2.7 (/opt/ros/humble/share/rmw_fastrtps_cpp/cmake)\n'}
[1.201440] (-) TimerEvent: {}
[1.293535] (mpu9250_publisher) StdoutLine: {'line': b'-- Found OpenSSL: /usr/lib/x86_64-linux-gnu/libcrypto.so (found version "3.0.2")  \n'}
[1.301569] (-) TimerEvent: {}
[1.328524] (mpu9250_publisher) StdoutLine: {'line': b'-- Found FastRTPS: /opt/ros/humble/include  \n'}
[1.378488] (mpu9250_publisher) StdoutLine: {'line': b"-- Using RMW implementation 'rmw_fastrtps_cpp' as default\n"}
[1.392059] (mpu9250_publisher) StdoutLine: {'line': b'-- Looking for pthread.h\n'}
[1.401667] (-) TimerEvent: {}
[1.480458] (mpu9250_publisher) StdoutLine: {'line': b'-- Looking for pthread.h - found\n'}
[1.481300] (mpu9250_publisher) StdoutLine: {'line': b'-- Performing Test CMAKE_HAVE_LIBC_PTHREAD\n'}
[1.501793] (-) TimerEvent: {}
[1.573529] (mpu9250_publisher) StdoutLine: {'line': b'-- Performing Test CMAKE_HAVE_LIBC_PTHREAD - Success\n'}
[1.574809] (mpu9250_publisher) StdoutLine: {'line': b'-- Found Threads: TRUE  \n'}
[1.601949] (-) TimerEvent: {}
[1.681588] (mpu9250_publisher) StdoutLine: {'line': b'-- Found sensor_msgs: 4.2.4 (/opt/ros/humble/share/sensor_msgs/cmake)\n'}
[1.702225] (-) TimerEvent: {}
[1.740383] (mpu9250_publisher) StdoutLine: {'line': b'-- Found ament_lint_auto: 0.12.11 (/opt/ros/humble/share/ament_lint_auto/cmake)\n'}
[1.802346] (-) TimerEvent: {}
[1.803665] (mpu9250_publisher) StderrLine: {'line': b"Error parsing '/home/hkn/mpu9250_ws/src/mpu9250_publisher/package.xml':\n"}
[1.883008] (mpu9250_publisher) StderrLine: {'line': b'Traceback (most recent call last):\n'}
[1.883235] (mpu9250_publisher) StderrLine: {'line': b'  File "/usr/lib/python3/dist-packages/catkin_pkg/package.py", line 610, in parse_package_string\n'}
[1.883626] (mpu9250_publisher) StderrLine: {'line': b'    root = dom.parseString(data)\n'}
[1.883746] (mpu9250_publisher) StderrLine: {'line': b'  File "/usr/lib/python3.10/xml/dom/minidom.py", line 2000, in parseString\n'}
[1.884444] (mpu9250_publisher) StderrLine: {'line': b'    return expatbuilder.parseString(string)\n'}
[1.884551] (mpu9250_publisher) StderrLine: {'line': b'  File "/usr/lib/python3.10/xml/dom/expatbuilder.py", line 925, in parseString\n'}
[1.885063] (mpu9250_publisher) StderrLine: {'line': b'    return builder.parseString(string)\n'}
[1.885178] (mpu9250_publisher) StderrLine: {'line': b'  File "/usr/lib/python3.10/xml/dom/expatbuilder.py", line 223, in parseString\n'}
[1.885382] (mpu9250_publisher) StderrLine: {'line': b'    parser.Parse(string, True)\n'}
[1.885529] (mpu9250_publisher) StderrLine: {'line': b'xml.parsers.expat.ExpatError: mismatched tag: line 21, column 2\n'}
[1.885608] (mpu9250_publisher) StderrLine: {'line': b'\n'}
[1.885678] (mpu9250_publisher) StderrLine: {'line': b'During handling of the above exception, another exception occurred:\n'}
[1.885745] (mpu9250_publisher) StderrLine: {'line': b'\n'}
[1.885810] (mpu9250_publisher) StderrLine: {'line': b'Traceback (most recent call last):\n'}
[1.885889] (mpu9250_publisher) StderrLine: {'line': b'  File "/opt/ros/humble/share/ament_cmake_core/cmake/core/package_xml_2_cmake.py", line 150, in <module>\n'}
[1.885956] (mpu9250_publisher) StderrLine: {'line': b'    main()\n'}
[1.886031] (mpu9250_publisher) StderrLine: {'line': b'  File "/opt/ros/humble/share/ament_cmake_core/cmake/core/package_xml_2_cmake.py", line 53, in main\n'}
[1.886105] (mpu9250_publisher) StderrLine: {'line': b'    raise e\n'}
[1.886170] (mpu9250_publisher) StderrLine: {'line': b'  File "/opt/ros/humble/share/ament_cmake_core/cmake/core/package_xml_2_cmake.py", line 49, in main\n'}
[1.886234] (mpu9250_publisher) StderrLine: {'line': b'    package = parse_package_string(\n'}
[1.886297] (mpu9250_publisher) StderrLine: {'line': b'  File "/usr/lib/python3/dist-packages/catkin_pkg/package.py", line 612, in parse_package_string\n'}
[1.886360] (mpu9250_publisher) StderrLine: {'line': b"    raise InvalidPackage('The manifest contains invalid XML:\\n%s' % ex, filename)\n"}
[1.886424] (mpu9250_publisher) StderrLine: {'line': b"catkin_pkg.package.InvalidPackage: Error(s) in package '/home/hkn/mpu9250_ws/src/mpu9250_publisher/package.xml':\n"}
[1.886488] (mpu9250_publisher) StderrLine: {'line': b'The manifest contains invalid XML:\n'}
[1.886551] (mpu9250_publisher) StderrLine: {'line': b'mismatched tag: line 21, column 2\n'}
[1.902449] (-) TimerEvent: {}
[1.902746] (mpu9250_publisher) StderrLine: {'line': b'\x1b[31mCMake Error at /opt/ros/humble/share/ament_cmake_core/cmake/core/ament_package_xml.cmake:95 (message):\n'}
[1.902968] (mpu9250_publisher) StderrLine: {'line': b'  execute_process(/usr/bin/python3\n'}
[1.903078] (mpu9250_publisher) StderrLine: {'line': b'  /opt/ros/humble/share/ament_cmake_core/cmake/core/package_xml_2_cmake.py\n'}
[1.903155] (mpu9250_publisher) StderrLine: {'line': b'  /home/hkn/mpu9250_ws/src/mpu9250_publisher/package.xml\n'}
[1.903224] (mpu9250_publisher) StderrLine: {'line': b'  /home/hkn/mpu9250_ws/src/build/mpu9250_publisher/ament_cmake_core/package.cmake)\n'}
[1.903291] (mpu9250_publisher) StderrLine: {'line': b'  returned error code 1\n'}
[1.903355] (mpu9250_publisher) StderrLine: {'line': b'Call Stack (most recent call first):\n'}
[1.903419] (mpu9250_publisher) StderrLine: {'line': b'  /opt/ros/humble/share/ament_cmake_core/cmake/core/ament_package_xml.cmake:49 (_ament_package_xml)\n'}
[1.903484] (mpu9250_publisher) StderrLine: {'line': b'  /opt/ros/humble/share/ament_lint_auto/cmake/ament_lint_auto_find_test_dependencies.cmake:31 (ament_package_xml)\n'}
[1.903547] (mpu9250_publisher) StderrLine: {'line': b'  CMakeLists.txt:25 (ament_lint_auto_find_test_dependencies)\n'}
[1.903610] (mpu9250_publisher) StderrLine: {'line': b'\n'}
[1.903674] (mpu9250_publisher) StderrLine: {'line': b'\x1b[0m\n'}
[1.903737] (mpu9250_publisher) StdoutLine: {'line': b'-- Configuring incomplete, errors occurred!\n'}
[1.903822] (mpu9250_publisher) StdoutLine: {'line': b'See also "/home/hkn/mpu9250_ws/src/build/mpu9250_publisher/CMakeFiles/CMakeOutput.log".\n'}
[1.916141] (mpu9250_publisher) CommandEnded: {'returncode': 1}
[1.917280] (mpu9250_publisher) JobEnded: {'identifier': 'mpu9250_publisher', 'rc': 1}
[1.927853] (-) EventReactorShutdown: {}
